Testing package /home/alex/librechat_ynh
fatal: not a git repository (or any of the parent directories): .git
fatal: not a git repository (or any of the parent directories): .git
Error: Remote yunohost already exists
Launching new LXC ynh-appci-bookworm-amd64-stable-test-0 ...

[1m > YunoHost versions[0m

[35m[1myunohost[m: 
  [35m[1mrepo[m: stable
  [35m[1mversion[m: 12.1.41.2
[35m[1myunohost-admin[m: 
  [35m[1mrepo[m: stable
  [35m[1mversion[m: 12.1.15
[35m[1myunohost-portal[m: 
  [35m[1mrepo[m: stable
  [35m[1mversion[m: 12.1.2
[35m[1mmoulinette[m: 
  [35m[1mrepo[m: stable
  [35m[1mversion[m: 12.1.4
[35m[1mssowat[m: 
  [35m[1mrepo[m: stable
  [35m[1mversion[m: 12.1.1
[1m
 ============================================
 Package linter
 ============================================
[0m
    [YunoHost App Package Linter]

App packaging documentation - https://yunohost.org/packaging_apps
App package example         - https://github.com/YunoHost/example_ynh
Official helpers            - https://yunohost.org/packaging_apps_helpers

If you believe this linter returns false negative (warnings/errors which shouldn't happen),
please report them on https://github.com/YunoHost/package_linter/issues

  Analyzing app /tmp/package_check.aqLR0S/app_folder...
[96m? Can't check if there are any blocking issues pending, can only do this for apps hosted on github for now. [0m

 [1m[92m✔ [94mmanifest[0m
 [1m[92m✔ [94mscripts/_common.sh[0m
 [1m[92m✔ [94mscripts/install[0m
 [1m[92m✔ [94mscripts/remove[0m
 [1m[92m✔ [94mscripts/upgrade[0m
 [1m[92m✔ [94mscripts/backup[0m
 [1m[92m✔ [94mscripts/restore[0m
 [1mⓘ [94mGeneral stuff, misc helper usage[0m

    - Consider adding a change_url script to support changing where the app can be reached[0m

 [1mⓘ [94mConfiguration files[0m

    - You are encouraged to harden the security of the systemd configuration librechat.service. You can have a look at https://github.com/YunoHost/example_ynh/blob/main/conf/systemd.service#L14-L46 for a baseline.[0m
    - You are encouraged to harden the security of the systemd configuration meilisearch.service. You can have a look at https://github.com/YunoHost/example_ynh/blob/main/conf/systemd.service#L14-L46 for a baseline.[0m

 [1m[93m! [94mCatalog infos[0m

   [91m ✘✘✘ This app is not in YunoHost's application catalog[0m
   [91m ✘ The application is not flagged as working in YunoHost's apps catalog[0m
   [93m ! The application has no associated category in YunoHost's apps catalog [0m
    - Consider adding your app to the YunoHost-Apps organization to allow the community to contribute more easily[0m

 [1m[92m✔ [94mIssues[0m
 =======
 There are some critical issues in this app :(
[1m
 ============================================
 Basic bash syntax checks
 ============================================
[0m

[1m[32m--- SUCCESS ---[0m

[1m
 ============================================
 Preinstalling apt dependencies before creating the initial snapshot...
 ============================================
[0m
Creating initial snapshot ynh-appci-bookworm-amd64-stable-test-0 ...
[1m
 ============================================
  [Test 1/6] Package linter
 ============================================
[0m

[1m[32m--- SUCCESS ---[0m

Working time for this test: 0s (22:39:46 UTC)
[1m
 ============================================
  [Test 2/6] Installation on the root
 ============================================
[0m
(Creating snapshot snap-preinstalled-default ...)
Running: yunohost app install --no-remove-on-failure --force /app_folder -a "&domain=sub.domain.tld&init_main_permission=visitors&admin_email=package_checker@example.com&is_public=1&path=/&"
2016 [36m[1mINFO[m    Installing librechat…
2032 [36m[1mINFO[m    Provisioning sources...
16384 [36m[1mINFO[m    Provisioning apt...
19417 [36m[1mINFO[m    Provisioning ports...
19432 [36m[1mINFO[m    Provisioning system_user...
19905 [36m[1mINFO[m    Provisioning install_dir...
19908 [36m[1mINFO[m    Provisioning data_dir...
19910 [36m[1mINFO[m    Provisioning permissions...
19973 [36m[1mINFO[m    Provisioning nodejs...
23216 [36m[1mINFO[m    [+...................] > Installing dependencies...
23217 [36m[1mINFO[m    Installing MongoDB Community Edition ...
44958 [36m[1mINFO[m    The service mongod has correctly executed the action restart.
45197 [36m[1mINFO[m    [#++.................] > Setting up source files...
48736 [36m[1mINFO[m    [###++...............] > Creating MongoDB database...
50274 [36m[1mINFO[m    [#####+..............] > Generating secrets...
50703 [36m[1mINFO[m    [######++............] > Building LibreChat (this can take several minutes)...
50805 [33m[1mWARNING[m npm warn invalid config allow-remote="true" set in /root/.npmrc
50805 [33m[1mWARNING[m npm warn invalid config Must be one of: all, none, root
50805 [33m[1mWARNING[m npm warn config omitting invalid config values
58559 [33m[1mWARNING[m npm warn deprecated whatwg-encoding@3.1.1: Use @exodus/bytes instead for a more spec-conformant and faster implementation
62338 [33m[1mWARNING[m npm warn deprecated node-domexception@1.0.0: Use your platform's native DOMException instead
76036 [33m[1mWARNING[m npm warn deprecated source-map@0.8.0-beta.0: The work that was done in this beta branch won't be included in future versions
76830 [33m[1mWARNING[m npm warn deprecated ldapjs@2.3.3: This package has been decomissioned. See https://github.com/ldapjs/node-ldapjs/blob/8ffd0bc9c149088a10ec4c1ec6a18450f76ad05d/README.md
81527 [33m[1mWARNING[m npm warn deprecated glob@11.1.0: Old versions of glob are not supported, and contain widely publicized security vulnerabilities, which have been fixed in the current version. Please update. Support for old versions may be purchased (at exorbitant rates) by contacting i@izs.me
122832 [33m[1mWARNING[m npm warn install-scripts 6 packages have install scripts not yet covered by allowScripts:
122832 [33m[1mWARNING[m npm warn install-scripts   @google/genai@2.13.0 (preinstall: echo 'preinstall: no-op')
122832 [33m[1mWARNING[m npm warn install-scripts   es5-ext@0.10.64 (postinstall:  node -e "try{require('./_postinstall')}catch(e){}" || exit 0)
122832 [33m[1mWARNING[m npm warn install-scripts   mongodb-memory-server@11.0.1 (postinstall: node ./postinstall.js)
122833 [33m[1mWARNING[m npm warn install-scripts   protobufjs@7.6.5 (postinstall: node scripts/postinstall)
122833 [33m[1mWARNING[m npm warn install-scripts   reova@0.4.1 (postinstall: node index.js)
122833 [33m[1mWARNING[m npm warn install-scripts   unrs-resolver@1.11.1 (postinstall: napi-postinstall unrs-resolver 1.11.1 check)
122833 [33m[1mWARNING[m npm warn install-scripts
122834 [33m[1mWARNING[m npm warn install-scripts Run `npm install-scripts ls` to review, or `npm install-scripts approve <pkg>` to allow.
127140 [33m[1mWARNING[m npm warn install-scripts 6 packages have install scripts not yet covered by allowScripts:
127140 [33m[1mWARNING[m npm warn install-scripts   @google/genai@2.13.0 (preinstall: echo 'preinstall: no-op')
127140 [33m[1mWARNING[m npm warn install-scripts   es5-ext@0.10.64 (postinstall:  node -e "try{require('./_postinstall')}catch(e){}" || exit 0)
127140 [33m[1mWARNING[m npm warn install-scripts   mongodb-memory-server@11.0.1 (postinstall: node ./postinstall.js)
127140 [33m[1mWARNING[m npm warn install-scripts   protobufjs@7.6.5 (postinstall: node scripts/postinstall)
127141 [33m[1mWARNING[m npm warn install-scripts   reova@0.4.1 (postinstall: node index.js)
127141 [33m[1mWARNING[m npm warn install-scripts   unrs-resolver@1.11.1 (postinstall: napi-postinstall unrs-resolver 1.11.1 check)
127141 [33m[1mWARNING[m npm warn install-scripts
127141 [33m[1mWARNING[m npm warn install-scripts Run `npm install-scripts ls` to review, or `npm install-scripts approve <pkg>` to allow.
127487 [33m[1mWARNING[m  WARNING  --no-daemon is deprecated and will be removed in version 3.0. The daemon is no longer used for `turbo run`.
127488 [33m[1mWARNING[m Attention:
127488 [33m[1mWARNING[m Turborepo now collects completely anonymous telemetry regarding usage.
127488 [33m[1mWARNING[m This information is used to shape the Turborepo roadmap and prioritize features.
127488 [33m[1mWARNING[m You can learn more, including how to opt-out if you'd not like to participate in this anonymous program, by visiting the following URL:
127488 [33m[1mWARNING[m https://turborepo.dev/docs/telemetry
127489 [33m[1mWARNING[m • turbo 2.10.5
127489 [33m[1mWARNING[m  WARNING  the `daemon` configuration option is deprecated and will be removed in version 3.0. The daemon is no longer used for `turbo run`.
146342 [36m[1mINFO[m    [########++..........] > Adding configuration files...
146793 [36m[1mINFO[m    [##########+.........] > Configuring nginx...
147368 [36m[1mINFO[m    [###########++.......] > Configuring systemd services...
149079 [36m[1mINFO[m    [#############++.....] > Starting services...
149387 [36m[1mINFO[m    [###############+....] > Creating admin user...
152139 [33m[1mWARNING[m MongoServerError: Authentication failed.
152139 [33m[1mWARNING[m     at Connection.sendCommand (/var/www/librechat/node_modules/mongodb/lib/cmap/connection.js:306:27)
152140 [33m[1mWARNING[m     at process.processTicksAndRejections (node:internal/process/task_queues:104:5)
152140 [33m[1mWARNING[m     at async Connection.command (/var/www/librechat/node_modules/mongodb/lib/cmap/connection.js:334:26)
152140 [33m[1mWARNING[m     at async continueScramConversation (/var/www/librechat/node_modules/mongodb/lib/cmap/auth/scram.js:131:15)
152141 [33m[1mWARNING[m     at async ScramSHA256.auth (/var/www/librechat/node_modules/mongodb/lib/cmap/auth/scram.js:37:20)
152141 [33m[1mWARNING[m     at async performInitialHandshake (/var/www/librechat/node_modules/mongodb/lib/cmap/connect.js:104:13)
152141 [33m[1mWARNING[m     at async connect (/var/www/librechat/node_modules/mongodb/lib/cmap/connect.js:24:9) {
152142 [33m[1mWARNING[m   errorLabelSet: Set(2) { 'HandshakeError', 'ResetPool' },
152142 [33m[1mWARNING[m   errorResponse: {
152142 [33m[1mWARNING[m     ok: 0,
152142 [33m[1mWARNING[m     errmsg: 'Authentication failed.',
152143 [33m[1mWARNING[m     code: 18,
152143 [33m[1mWARNING[m     codeName: 'AuthenticationFailed'
152143 [33m[1mWARNING[m   },
152143 [33m[1mWARNING[m   ok: 0,
152143 [33m[1mWARNING[m   code: 18,
152143 [33m[1mWARNING[m   codeName: 'AuthenticationFailed',
152143 [33m[1mWARNING[m   connectionGeneration: 0
152144 [33m[1mWARNING[m }
152745 [31m[1mERROR[m   Unable to install librechat: An error occurred inside the app installation script
152746 [36m[1mINFO[m    The operation 'Install the 'librechat' app' could not be completed. Please share the full log of this operation using the command 'yunohost log share 20260920-224036-app_install-librechat' to get help
152770 [33m[1mWARNING[m Here's an extract of the logs before the crash. It might help debugging the error:
152770 [36m[1mINFO[m    WARNING -     at Connection.sendCommand (/var/www/librechat/node_modules/mongodb/lib/cmap/connection.js:306:27)
152770 [36m[1mINFO[m    WARNING -     at process.processTicksAndRejections (node:internal/process/task_queues:104:5)
152770 [36m[1mINFO[m    WARNING -     at async Connection.command (/var/www/librechat/node_modules/mongodb/lib/cmap/connection.js:334:26)
152770 [36m[1mINFO[m    WARNING -     at async continueScramConversation (/var/www/librechat/node_modules/mongodb/lib/cmap/auth/scram.js:131:15)
152770 [36m[1mINFO[m    WARNING -     at async ScramSHA256.auth (/var/www/librechat/node_modules/mongodb/lib/cmap/auth/scram.js:37:20)
152770 [36m[1mINFO[m    WARNING -     at async performInitialHandshake (/var/www/librechat/node_modules/mongodb/lib/cmap/connect.js:104:13)
152770 [36m[1mINFO[m    WARNING -     at async connect (/var/www/librechat/node_modules/mongodb/lib/cmap/connect.js:24:9) {
152770 [36m[1mINFO[m    WARNING -   errorLabelSet: Set(2) { 'HandshakeError', 'ResetPool' },
152770 [36m[1mINFO[m    WARNING -   errorResponse: {
152770 [36m[1mINFO[m    WARNING -     ok: 0,
152770 [36m[1mINFO[m    WARNING -     errmsg: 'Authentication failed.',
152770 [36m[1mINFO[m    WARNING -     code: 18,
152770 [36m[1mINFO[m    WARNING -     codeName: 'AuthenticationFailed'
152770 [36m[1mINFO[m    WARNING -   },
152771 [36m[1mINFO[m    WARNING -   ok: 0,
152771 [36m[1mINFO[m    WARNING -   code: 18,
152771 [36m[1mINFO[m    WARNING -   codeName: 'AuthenticationFailed',
152771 [36m[1mINFO[m    WARNING -   connectionGeneration: 0
152771 [36m[1mINFO[m    WARNING - }
152771 [36m[1mINFO[m    ERROR - Unable to install librechat: An error occurred inside the app installation script
152783 [31m[1mERROR[m   The installation of librechat failed, but was not cleaned up as requested by --no-remove-on-failure.
[1m[31mError: Installation failed.[0m
Peak RAM usage during this test: 2494MB
RAM usage diff after test: 93MB
Disk usage diff after test: 4437.0MB

[1m[31m--- FAIL ---[0m

SUCCESS This log is now available via https://paste.yunohost.org/raw/peyokuwepa
[1m[31mError: There's quite a lot of warnings in the output ! If those warnings are coming from some app build step and ain't actual warnings, please redirect them to the standard output instead of the error output ...![0m
Working time for this test: 3 minutes, 38 seconds (22:43:26 UTC)
[1m
 ============================================
  [Test 3/6] Backup/Restore
 ============================================
[0m
[1m[31mError: All installs failed, therefore the following tests cannot be performed...[0m

[1m[31m--- FAIL ---[0m

Error: Instance is not running
Working time for this test: 0s (22:43:28 UTC)
[1m
 ============================================
  [Test 4/6] Upgrade from the same version
 ============================================
[0m
[1m[31mError: All installs failed, therefore the following tests cannot be performed...[0m

[1m[31m--- FAIL ---[0m

Error: Instance is not running
Working time for this test: 0s (22:43:29 UTC)
[1m
 ============================================
  [Test 5/6] Upgrade from v1.0 (0.8.8-rc3~ynh2)
 ============================================
[0m
[1m[31mError: All installs failed, therefore the following tests cannot be performed...[0m

[1m[31m--- FAIL ---[0m

Error: Instance is not running
Working time for this test: 0s (22:43:29 UTC)
[1m
 ============================================
  [Test 6/6] Change URL
 ============================================
[0m
[1m[31mError: All installs failed, therefore the following tests cannot be performed...[0m

[1m[31m--- FAIL ---[0m

Error: Instance is not running
Working time for this test: 0s (22:43:29 UTC)
[1m
 ============================================
 Tests summary
 ============================================
[0m
Global working time for all tests: 4 minutes, 31 seconds (22:43:29 UTC)
You can find the complete log of these tests in /home/alex/package_check/full_log_0.log
