Testing package /home/alex/librechat_ynh
fatal: not a git repository (or any of the parent directories): .git
fatal: not a git repository (or any of the parent directories): .git
Error: Remote yunohost already exists
Launching new LXC ynh-appci-bookworm-amd64-stable-test-0 ...

[1m > YunoHost versions[0m

[35m[1myunohost[m: 
  [35m[1mrepo[m: stable
  [35m[1mversion[m: 12.1.41.2
[35m[1myunohost-admin[m: 
  [35m[1mrepo[m: stable
  [35m[1mversion[m: 12.1.15
[35m[1myunohost-portal[m: 
  [35m[1mrepo[m: stable
  [35m[1mversion[m: 12.1.2
[35m[1mmoulinette[m: 
  [35m[1mrepo[m: stable
  [35m[1mversion[m: 12.1.4
[35m[1mssowat[m: 
  [35m[1mrepo[m: stable
  [35m[1mversion[m: 12.1.1
[1m
 ============================================
 Package linter
 ============================================
[0m
    [YunoHost App Package Linter]

App packaging documentation - https://yunohost.org/packaging_apps
App package example         - https://github.com/YunoHost/example_ynh
Official helpers            - https://yunohost.org/packaging_apps_helpers

If you believe this linter returns false negative (warnings/errors which shouldn't happen),
please report them on https://github.com/YunoHost/package_linter/issues

  Analyzing app /tmp/package_check.49jif7/app_folder...
[96m? Can't check if there are any blocking issues pending, can only do this for apps hosted on github for now. [0m

 [1m[92m✔ [94mmanifest[0m
 [1m[92m✔ [94mscripts/_common.sh[0m
 [1m[92m✔ [94mscripts/install[0m
 [1m[92m✔ [94mscripts/remove[0m
 [1m[92m✔ [94mscripts/upgrade[0m
 [1m[92m✔ [94mscripts/backup[0m
 [1m[92m✔ [94mscripts/restore[0m
 [1mⓘ [94mGeneral stuff, misc helper usage[0m

    - Consider adding a change_url script to support changing where the app can be reached[0m

 [1m[93m! [94mConfiguration files[0m

    - You are encouraged to harden the security of the systemd configuration librechat.service. You can have a look at https://github.com/YunoHost/example_ynh/blob/main/conf/systemd.service#L14-L46 for a baseline.[0m
    - You are encouraged to harden the security of the systemd configuration meilisearch.service. You can have a look at https://github.com/YunoHost/example_ynh/blob/main/conf/systemd.service#L14-L46 for a baseline.[0m
   [93m ! In the nginx conf, manually defining a value for these reverse proxy params should not be necessary as they are already defined in the proxy_params_no/with_auth or fastcgi_params_no/with_auth that should be included when using proxy_pass or fastcgi_pass: Upgrade [0m
    - In the nginx conf, manually defining a value for these reverse proxy params should not be necessary as they are already defined in the proxy_params_no/with_auth or fastcgi_params_no/with_auth that should be included when using proxy_pass or fastcgi_pass. But in some specific case it would be useful to override the default value, if this is the case you can safely ignore this message: Connection[0m

 [1m[93m! [94mCatalog infos[0m

   [91m ✘✘✘ This app is not in YunoHost's application catalog[0m
   [91m ✘ The application is not flagged as working in YunoHost's apps catalog[0m
   [93m ! The application has no associated category in YunoHost's apps catalog [0m
    - Consider adding your app to the YunoHost-Apps organization to allow the community to contribute more easily[0m

 [1m[92m✔ [94mIssues[0m
 =======
 There are some critical issues in this app :(
[1m
 ============================================
 Basic bash syntax checks
 ============================================
[0m

[1m[32m--- SUCCESS ---[0m

[1m
 ============================================
 Preinstalling apt dependencies before creating the initial snapshot...
 ============================================
[0m
Creating initial snapshot ynh-appci-bookworm-amd64-stable-test-0 ...
[1m
 ============================================
  [Test 1/6] Package linter
 ============================================
[0m

[1m[32m--- SUCCESS ---[0m

Working time for this test: 0s (22:24:41 UTC)
[1m
 ============================================
  [Test 2/6] Installation on the root
 ============================================
[0m
(Creating snapshot snap-preinstalled-default ...)
Running: yunohost app install --no-remove-on-failure --force /app_folder -a "&domain=sub.domain.tld&init_main_permission=visitors&admin_email=package_checker@example.com&is_public=1&path=/&"
2059 [36m[1mINFO[m    Installing librechat…
2076 [36m[1mINFO[m    Provisioning sources...
16262 [36m[1mINFO[m    Provisioning apt...
20005 [36m[1mINFO[m    Provisioning ports...
20025 [36m[1mINFO[m    Provisioning system_user...
20501 [36m[1mINFO[m    Provisioning install_dir...
20505 [36m[1mINFO[m    Provisioning data_dir...
20507 [36m[1mINFO[m    Provisioning permissions...
20574 [36m[1mINFO[m    Provisioning nodejs...
23871 [36m[1mINFO[m    [+...................] > Installing dependencies...
23871 [36m[1mINFO[m    Installing MongoDB Community Edition ...
46584 [36m[1mINFO[m    The service mongod has correctly executed the action restart.
46812 [36m[1mINFO[m    [#++.................] > Setting up source files...
50286 [36m[1mINFO[m    [###++...............] > Creating MongoDB database...
51824 [36m[1mINFO[m    [#####+..............] > Generating secrets...
52260 [36m[1mINFO[m    [######++............] > Building LibreChat (this can take several minutes)...
52359 [33m[1mWARNING[m npm warn invalid config allow-remote="true" set in /root/.npmrc
52360 [33m[1mWARNING[m npm warn invalid config Must be one of: all, none, root
52360 [33m[1mWARNING[m npm warn config omitting invalid config values
60358 [33m[1mWARNING[m npm warn deprecated whatwg-encoding@3.1.1: Use @exodus/bytes instead for a more spec-conformant and faster implementation
64576 [33m[1mWARNING[m npm warn deprecated node-domexception@1.0.0: Use your platform's native DOMException instead
77059 [33m[1mWARNING[m npm warn deprecated source-map@0.8.0-beta.0: The work that was done in this beta branch won't be included in future versions
82293 [33m[1mWARNING[m npm warn deprecated ldapjs@2.3.3: This package has been decomissioned. See https://github.com/ldapjs/node-ldapjs/blob/8ffd0bc9c149088a10ec4c1ec6a18450f76ad05d/README.md
82981 [33m[1mWARNING[m npm warn deprecated glob@11.1.0: Old versions of glob are not supported, and contain widely publicized security vulnerabilities, which have been fixed in the current version. Please update. Support for old versions may be purchased (at exorbitant rates) by contacting i@izs.me
124475 [33m[1mWARNING[m npm warn install-scripts 6 packages have install scripts not yet covered by allowScripts:
124475 [33m[1mWARNING[m npm warn install-scripts   @google/genai@2.13.0 (preinstall: echo 'preinstall: no-op')
124475 [33m[1mWARNING[m npm warn install-scripts   es5-ext@0.10.64 (postinstall:  node -e "try{require('./_postinstall')}catch(e){}" || exit 0)
124476 [33m[1mWARNING[m npm warn install-scripts   mongodb-memory-server@11.0.1 (postinstall: node ./postinstall.js)
124476 [33m[1mWARNING[m npm warn install-scripts   protobufjs@7.6.5 (postinstall: node scripts/postinstall)
124476 [33m[1mWARNING[m npm warn install-scripts   reova@0.4.1 (postinstall: node index.js)
124476 [33m[1mWARNING[m npm warn install-scripts   unrs-resolver@1.11.1 (postinstall: napi-postinstall unrs-resolver 1.11.1 check)
124477 [33m[1mWARNING[m npm warn install-scripts
124477 [33m[1mWARNING[m npm warn install-scripts Run `npm install-scripts ls` to review, or `npm install-scripts approve <pkg>` to allow.
128657 [33m[1mWARNING[m npm warn install-scripts 6 packages have install scripts not yet covered by allowScripts:
128657 [33m[1mWARNING[m npm warn install-scripts   @google/genai@2.13.0 (preinstall: echo 'preinstall: no-op')
128657 [33m[1mWARNING[m npm warn install-scripts   es5-ext@0.10.64 (postinstall:  node -e "try{require('./_postinstall')}catch(e){}" || exit 0)
128657 [33m[1mWARNING[m npm warn install-scripts   mongodb-memory-server@11.0.1 (postinstall: node ./postinstall.js)
128658 [33m[1mWARNING[m npm warn install-scripts   protobufjs@7.6.5 (postinstall: node scripts/postinstall)
128658 [33m[1mWARNING[m npm warn install-scripts   reova@0.4.1 (postinstall: node index.js)
128658 [33m[1mWARNING[m npm warn install-scripts   unrs-resolver@1.11.1 (postinstall: napi-postinstall unrs-resolver 1.11.1 check)
128658 [33m[1mWARNING[m npm warn install-scripts
128658 [33m[1mWARNING[m npm warn install-scripts Run `npm install-scripts ls` to review, or `npm install-scripts approve <pkg>` to allow.
129011 [33m[1mWARNING[m  WARNING  --no-daemon is deprecated and will be removed in version 3.0. The daemon is no longer used for `turbo run`.
129011 [33m[1mWARNING[m Attention:
129011 [33m[1mWARNING[m Turborepo now collects completely anonymous telemetry regarding usage.
129011 [33m[1mWARNING[m This information is used to shape the Turborepo roadmap and prioritize features.
129012 [33m[1mWARNING[m You can learn more, including how to opt-out if you'd not like to participate in this anonymous program, by visiting the following URL:
129012 [33m[1mWARNING[m https://turborepo.dev/docs/telemetry
129012 [33m[1mWARNING[m • turbo 2.10.5
129012 [33m[1mWARNING[m  WARNING  the `daemon` configuration option is deprecated and will be removed in version 3.0. The daemon is no longer used for `turbo run`.
148729 [36m[1mINFO[m    [########++..........] > Adding configuration files...
149167 [36m[1mINFO[m    [##########+.........] > Configuring nginx...
149692 [33m[1mWARNING[m Job for nginx.service failed.
149693 [33m[1mWARNING[m See "systemctl status nginx.service" and "journalctl -xeu nginx.service" for details.
149705 [33m[1mWARNING[m Sep 04 19:37:18 (nginx)[3584]: nginx.service: Failed to locate executable /usr/sbin/nginx: No such file or directory
149705 [33m[1mWARNING[m Sep 04 19:37:18 (nginx)[3584]: nginx.service: Failed at step EXEC spawning /usr/sbin/nginx: No such file or directory
149705 [33m[1mWARNING[m Sep 04 19:37:18 systemd[1]: Starting nginx.service - A high performance web server and a reverse proxy server...
149706 [33m[1mWARNING[m Sep 04 19:37:18 systemd[1]: nginx.service: Control process exited, code=exited, status=203/EXEC
149706 [33m[1mWARNING[m Sep 04 19:37:18 systemd[1]: nginx.service: Failed with result 'exit-code'.
149706 [33m[1mWARNING[m Sep 04 19:37:18 systemd[1]: Failed to start nginx.service - A high performance web server and a reverse proxy server.
149706 [33m[1mWARNING[m Sep 04 19:37:19 systemd[1]: Starting nginx.service - A high performance web server and a reverse proxy server...
149706 [33m[1mWARNING[m Sep 04 19:37:19 systemd[1]: Started nginx.service - A high performance web server and a reverse proxy server.
149707 [33m[1mWARNING[m Sep 04 19:38:17 systemd[1]: Reloading nginx.service - A high performance web server and a reverse proxy server...
149707 [33m[1mWARNING[m Sep 04 19:38:18 nginx[4876]: 2026/09/04 19:38:17 [notice] 4876#4876: signal process started
149707 [33m[1mWARNING[m Sep 04 19:38:18 systemd[1]: Reloaded nginx.service - A high performance web server and a reverse proxy server.
149707 [33m[1mWARNING[m Sep 04 19:42:19 systemd[1]: Stopping nginx.service - A high performance web server and a reverse proxy server...
149707 [33m[1mWARNING[m Sep 04 19:42:19 systemd[1]: nginx.service: Deactivated successfully.
149707 [33m[1mWARNING[m Sep 04 19:42:19 systemd[1]: Stopped nginx.service - A high performance web server and a reverse proxy server.
149707 [33m[1mWARNING[m Sep 04 19:42:19 systemd[1]: Starting nginx.service - A high performance web server and a reverse proxy server...
149707 [33m[1mWARNING[m Sep 04 19:42:19 nginx[19701]: 2026/09/04 19:42:19 [info] 19701#19701: Using 116KiB of shared memory for nchan in /etc/nginx/nginx.conf:61
149708 [33m[1mWARNING[m Sep 04 19:42:19 nginx[19701]: 2026/09/04 19:42:19 [info] 19701#19701: Using 131072KiB of shared memory for nchan in /etc/nginx/nginx.conf:61
149708 [33m[1mWARNING[m Sep 04 19:42:19 nginx[19702]: nginx: [] [lua] config.lua:33: get_cookie_secret(): Cookie secret file doesn't exist (yet?) or can't be opened for reading. Authentication will be disabled for now.
149708 [33m[1mWARNING[m Sep 04 19:42:19 systemd[1]: Started nginx.service - A high performance web server and a reverse proxy server.
149708 [33m[1mWARNING[m Sep 04 19:43:51 systemd[1]: Reloading nginx.service - A high performance web server and a reverse proxy server...
149708 [33m[1mWARNING[m Sep 04 19:43:51 nginx[23150]: 2026/09/04 19:43:51 [notice] 23150#23150: signal process started
149708 [33m[1mWARNING[m Sep 04 19:43:51 systemd[1]: Reloaded nginx.service - A high performance web server and a reverse proxy server.
149708 [33m[1mWARNING[m Sep 04 19:44:19 systemd[1]: Stopping nginx.service - A high performance web server and a reverse proxy server...
149709 [33m[1mWARNING[m Sep 04 19:44:19 systemd[1]: nginx.service: Deactivated successfully.
149709 [33m[1mWARNING[m Sep 04 19:44:19 systemd[1]: Stopped nginx.service - A high performance web server and a reverse proxy server.
149709 [33m[1mWARNING[m Sep 04 19:46:25 systemd[1]: Starting nginx.service - A high performance web server and a reverse proxy server...
149709 [33m[1mWARNING[m Sep 04 19:46:25 nginx[350]: 2026/09/04 19:46:25 [info] 350#350: Using 116KiB of shared memory for nchan in /etc/nginx/nginx.conf:61
149709 [33m[1mWARNING[m Sep 04 19:46:25 nginx[350]: 2026/09/04 19:46:25 [info] 350#350: Using 131072KiB of shared memory for nchan in /etc/nginx/nginx.conf:61
149709 [33m[1mWARNING[m Sep 04 19:46:26 nginx[399]: nginx: [] [lua] config.lua:33: get_cookie_secret(): Cookie secret file doesn't exist (yet?) or can't be opened for reading. Authentication will be disabled for now.
149710 [33m[1mWARNING[m Sep 04 19:46:26 systemd[1]: Started nginx.service - A high performance web server and a reverse proxy server.
149710 [33m[1mWARNING[m Sep 04 19:46:31 systemd[1]: Reloading nginx.service - A high performance web server and a reverse proxy server...
149710 [33m[1mWARNING[m Sep 04 19:46:31 nginx[1075]: 2026/09/04 19:46:31 [notice] 1075#1075: signal process started
149710 [33m[1mWARNING[m Sep 04 19:46:31 systemd[1]: Reloaded nginx.service - A high performance web server and a reverse proxy server.
149710 [33m[1mWARNING[m Sep 04 19:48:00 systemd[1]: Reloading nginx.service - A high performance web server and a reverse proxy server...
149711 [33m[1mWARNING[m Sep 04 19:48:00 nginx[4386]: 2026/09/04 19:48:00 [notice] 4386#4386: signal process started
149711 [33m[1mWARNING[m Sep 04 19:48:00 systemd[1]: Reloaded nginx.service - A high performance web server and a reverse proxy server.
149711 [33m[1mWARNING[m Sep 04 19:48:12 systemd[1]: Reloading nginx.service - A high performance web server and a reverse proxy server...
149711 [33m[1mWARNING[m Sep 04 19:48:12 nginx[5593]: 2026/09/04 19:48:12 [notice] 5593#5593: signal process started
149711 [33m[1mWARNING[m Sep 04 19:48:12 systemd[1]: Reloaded nginx.service - A high performance web server and a reverse proxy server.
149711 [33m[1mWARNING[m Sep 04 19:48:18 systemd[1]: Reloading nginx.service - A high performance web server and a reverse proxy server...
149711 [33m[1mWARNING[m Sep 04 19:48:18 nginx[6069]: 2026/09/04 19:48:18 [notice] 6069#6069: signal process started
149711 [33m[1mWARNING[m Sep 04 19:48:18 systemd[1]: Reloaded nginx.service - A high performance web server and a reverse proxy server.
149712 [33m[1mWARNING[m Sep 04 19:48:40 systemd[1]: Stopping nginx.service - A high performance web server and a reverse proxy server...
149712 [33m[1mWARNING[m Sep 04 19:48:40 systemd[1]: nginx.service: Deactivated successfully.
149712 [33m[1mWARNING[m Sep 04 19:48:40 systemd[1]: Stopped nginx.service - A high performance web server and a reverse proxy server.
149712 [33m[1mWARNING[m Sep 20 22:23:55 systemd[1]: Starting nginx.service - A high performance web server and a reverse proxy server...
149712 [33m[1mWARNING[m Sep 20 22:23:55 nginx[352]: 2026/09/20 22:23:55 [info] 352#352: Using 116KiB of shared memory for nchan in /etc/nginx/nginx.conf:61
149712 [33m[1mWARNING[m Sep 20 22:23:55 nginx[352]: 2026/09/20 22:23:55 [info] 352#352: Using 131072KiB of shared memory for nchan in /etc/nginx/nginx.conf:61
149712 [33m[1mWARNING[m Sep 20 22:23:55 systemd[1]: Started nginx.service - A high performance web server and a reverse proxy server.
149712 [33m[1mWARNING[m Sep 20 22:24:54 systemd[1]: Starting nginx.service - A high performance web server and a reverse proxy server...
149713 [33m[1mWARNING[m Sep 20 22:24:54 nginx[328]: 2026/09/20 22:24:54 [info] 328#328: Using 116KiB of shared memory for nchan in /etc/nginx/nginx.conf:61
149713 [33m[1mWARNING[m Sep 20 22:24:54 nginx[328]: 2026/09/20 22:24:54 [info] 328#328: Using 131072KiB of shared memory for nchan in /etc/nginx/nginx.conf:61
149713 [33m[1mWARNING[m Sep 20 22:24:54 systemd[1]: Started nginx.service - A high performance web server and a reverse proxy server.
149713 [33m[1mWARNING[m Sep 20 22:25:17 systemd[1]: Stopping nginx.service - A high performance web server and a reverse proxy server...
149713 [33m[1mWARNING[m Sep 20 22:25:17 systemd[1]: nginx.service: Deactivated successfully.
149713 [33m[1mWARNING[m Sep 20 22:25:17 systemd[1]: Stopped nginx.service - A high performance web server and a reverse proxy server.
149713 [33m[1mWARNING[m Sep 20 22:25:30 systemd[1]: Starting nginx.service - A high performance web server and a reverse proxy server...
149713 [33m[1mWARNING[m Sep 20 22:25:30 nginx[326]: 2026/09/20 22:25:30 [info] 326#326: Using 116KiB of shared memory for nchan in /etc/nginx/nginx.conf:61
149714 [33m[1mWARNING[m Sep 20 22:25:30 nginx[326]: 2026/09/20 22:25:30 [info] 326#326: Using 131072KiB of shared memory for nchan in /etc/nginx/nginx.conf:61
149714 [33m[1mWARNING[m Sep 20 22:25:30 systemd[1]: Started nginx.service - A high performance web server and a reverse proxy server.
149714 [33m[1mWARNING[m Sep 20 22:28:08 systemd[1]: Reloading nginx.service - A high performance web server and a reverse proxy server...
149714 [33m[1mWARNING[m Sep 20 22:28:08 nginx[5718]: 2026/09/20 22:28:08 [emerg] 5718#5718: "proxy_http_version" directive is duplicate in /etc/nginx/proxy_params_no_auth:12
149714 [33m[1mWARNING[m Sep 20 22:28:08 systemd[1]: nginx.service: Control process exited, code=exited, status=1/FAILURE
149714 [33m[1mWARNING[m Sep 20 22:28:08 systemd[1]: Reload failed for nginx.service - A high performance web server and a reverse proxy server.
150311 [31m[1mERROR[m   Unable to install librechat: An error occurred inside the app installation script
150312 [36m[1mINFO[m    The operation 'Install the 'librechat' app' could not be completed. Please share the full log of this operation using the command 'yunohost log share 20260920-222539-app_install-librechat' to get help
150334 [33m[1mWARNING[m Here's an extract of the logs before the crash. It might help debugging the error:
150334 [36m[1mINFO[m    WARNING - Sep 20 22:24:54 nginx[328]: 2026/09/20 22:24:54 [info] 328#328: Using 116KiB of shared memory for nchan in /etc/nginx/nginx.conf:61
150334 [36m[1mINFO[m    WARNING - Sep 20 22:24:54 nginx[328]: 2026/09/20 22:24:54 [info] 328#328: Using 131072KiB of shared memory for nchan in /etc/nginx/nginx.conf:61
150334 [36m[1mINFO[m    WARNING - Sep 20 22:24:54 systemd[1]: Started nginx.service - A high performance web server and a reverse proxy server.
150334 [36m[1mINFO[m    WARNING - Sep 20 22:25:17 systemd[1]: Stopping nginx.service - A high performance web server and a reverse proxy server...
150334 [36m[1mINFO[m    WARNING - Sep 20 22:25:17 systemd[1]: nginx.service: Deactivated successfully.
150334 [36m[1mINFO[m    WARNING - Sep 20 22:25:17 systemd[1]: Stopped nginx.service - A high performance web server and a reverse proxy server.
150334 [36m[1mINFO[m    WARNING - Sep 20 22:25:30 systemd[1]: Starting nginx.service - A high performance web server and a reverse proxy server...
150334 [36m[1mINFO[m    WARNING - Sep 20 22:25:30 nginx[326]: 2026/09/20 22:25:30 [info] 326#326: Using 116KiB of shared memory for nchan in /etc/nginx/nginx.conf:61
150334 [36m[1mINFO[m    WARNING - Sep 20 22:25:30 nginx[326]: 2026/09/20 22:25:30 [info] 326#326: Using 131072KiB of shared memory for nchan in /etc/nginx/nginx.conf:61
150334 [36m[1mINFO[m    WARNING - Sep 20 22:25:30 systemd[1]: Started nginx.service - A high performance web server and a reverse proxy server.
150334 [36m[1mINFO[m    WARNING - Sep 20 22:28:08 systemd[1]: Reloading nginx.service - A high performance web server and a reverse proxy server...
150334 [36m[1mINFO[m    WARNING - Sep 20 22:28:08 nginx[5718]: 2026/09/20 22:28:08 [emerg] 5718#5718: "proxy_http_version" directive is duplicate in /etc/nginx/proxy_params_no_auth:12
150334 [36m[1mINFO[m    WARNING - Sep 20 22:28:08 systemd[1]: nginx.service: Control process exited, code=exited, status=1/FAILURE
150334 [36m[1mINFO[m    WARNING - Sep 20 22:28:08 systemd[1]: Reload failed for nginx.service - A high performance web server and a reverse proxy server.
150334 [36m[1mINFO[m    DEBUG - + '[' -e /var/log/nginx/nginx.log ']'
150334 [36m[1mINFO[m    DEBUG - + _ynh_clean_check_starting
150334 [36m[1mINFO[m    DEBUG - + '[' -n '' ']'
150334 [36m[1mINFO[m    DEBUG - + '[' -n '' ']'
150334 [36m[1mINFO[m    DEBUG - + return 1
150334 [36m[1mINFO[m    DEBUG - + ynh_exit_properly
150346 [31m[1mERROR[m   The installation of librechat failed, but was not cleaned up as requested by --no-remove-on-failure.
[1m[31mError: Installation failed.[0m
Peak RAM usage during this test: 2434MB
RAM usage diff after test: 92MB
Disk usage diff after test: 4435.3MB

[1m[31m--- FAIL ---[0m

SUCCESS This log is now available via https://paste.yunohost.org/raw/oterohabor
[1m[31mError: There's A SHITLOAD of warnings in the output ! If those warnings are coming from some app build step and ain't actual warnings, please redirect them to the standard output instead of the error output ...![0m

[1m[31m--- FAIL ---[0m


[1m[31m--- FAIL ---[0m

Working time for this test: 3 minutes, 36 seconds (22:28:20 UTC)
[1m
 ============================================
  [Test 3/6] Backup/Restore
 ============================================
[0m
[1m[31mError: All installs failed, therefore the following tests cannot be performed...[0m

[1m[31m--- FAIL ---[0m

Error: Instance is not running
Working time for this test: 0s (22:28:22 UTC)
[1m
 ============================================
  [Test 4/6] Upgrade from the same version
 ============================================
[0m
[1m[31mError: All installs failed, therefore the following tests cannot be performed...[0m

[1m[31m--- FAIL ---[0m

Error: Instance is not running
Working time for this test: 0s (22:28:23 UTC)
[1m
 ============================================
  [Test 5/6] Upgrade from v1.0 (0.8.8-rc3~ynh2)
 ============================================
[0m
[1m[31mError: All installs failed, therefore the following tests cannot be performed...[0m

[1m[31m--- FAIL ---[0m

Error: Instance is not running
Working time for this test: 0s (22:28:23 UTC)
[1m
 ============================================
  [Test 6/6] Change URL
 ============================================
[0m
[1m[31mError: All installs failed, therefore the following tests cannot be performed...[0m

[1m[31m--- FAIL ---[0m

Error: Instance is not running
Working time for this test: 0s (22:28:23 UTC)
[1m
 ============================================
 Tests summary
 ============================================
[0m
Global working time for all tests: 4 minutes, 30 seconds (22:28:23 UTC)
You can find the complete log of these tests in /home/alex/package_check/full_log_0.log
