Testing package /home/alex/librechat_ynh
fatal: not a git repository (or any of the parent directories): .git
fatal: not a git repository (or any of the parent directories): .git
Error: Remote yunohost already exists
Launching new LXC ynh-appci-bookworm-amd64-stable-test-0 ...

[1m > YunoHost versions[0m

[35m[1myunohost[m: 
  [35m[1mrepo[m: stable
  [35m[1mversion[m: 12.1.41.2
[35m[1myunohost-admin[m: 
  [35m[1mrepo[m: stable
  [35m[1mversion[m: 12.1.15
[35m[1myunohost-portal[m: 
  [35m[1mrepo[m: stable
  [35m[1mversion[m: 12.1.2
[35m[1mmoulinette[m: 
  [35m[1mrepo[m: stable
  [35m[1mversion[m: 12.1.4
[35m[1mssowat[m: 
  [35m[1mrepo[m: stable
  [35m[1mversion[m: 12.1.1
[1m
 ============================================
 Package linter
 ============================================
[0m
    [YunoHost App Package Linter]

App packaging documentation - https://yunohost.org/packaging_apps
App package example         - https://github.com/YunoHost/example_ynh
Official helpers            - https://yunohost.org/packaging_apps_helpers

If you believe this linter returns false negative (warnings/errors which shouldn't happen),
please report them on https://github.com/YunoHost/package_linter/issues

  Analyzing app /tmp/package_check.KTd0xi/app_folder...
[96m? Can't check if there are any blocking issues pending, can only do this for apps hosted on github for now. [0m

 [1m[92m✔ [94mmanifest[0m
 [1m[92m✔ [94mscripts/_common.sh[0m
 [1m[92m✔ [94mscripts/install[0m
 [1m[92m✔ [94mscripts/remove[0m
 [1m[92m✔ [94mscripts/upgrade[0m
 [1m[92m✔ [94mscripts/backup[0m
 [1m[92m✔ [94mscripts/restore[0m
 [1mⓘ [94mGeneral stuff, misc helper usage[0m

    - Consider adding a change_url script to support changing where the app can be reached[0m

 [1mⓘ [94mConfiguration files[0m

    - You are encouraged to harden the security of the systemd configuration librechat.service. You can have a look at https://github.com/YunoHost/example_ynh/blob/main/conf/systemd.service#L14-L46 for a baseline.[0m
    - You are encouraged to harden the security of the systemd configuration meilisearch.service. You can have a look at https://github.com/YunoHost/example_ynh/blob/main/conf/systemd.service#L14-L46 for a baseline.[0m

 [1m[93m! [94mCatalog infos[0m

   [91m ✘✘✘ This app is not in YunoHost's application catalog[0m
   [91m ✘ The application is not flagged as working in YunoHost's apps catalog[0m
   [93m ! The application has no associated category in YunoHost's apps catalog [0m
    - Consider adding your app to the YunoHost-Apps organization to allow the community to contribute more easily[0m

 [1m[92m✔ [94mIssues[0m
 =======
 There are some critical issues in this app :(
[1m
 ============================================
 Basic bash syntax checks
 ============================================
[0m

[1m[32m--- SUCCESS ---[0m

[1m
 ============================================
 Preinstalling apt dependencies before creating the initial snapshot...
 ============================================
[0m
Creating initial snapshot ynh-appci-bookworm-amd64-stable-test-0 ...
[1m
 ============================================
  [Test 1/6] Package linter
 ============================================
[0m

[1m[32m--- SUCCESS ---[0m

Working time for this test: 2 seconds (22:32:20 UTC)
[1m
 ============================================
  [Test 2/6] Installation on the root
 ============================================
[0m
(Creating snapshot snap-preinstalled-default ...)
Running: yunohost app install --no-remove-on-failure --force /app_folder -a "&domain=sub.domain.tld&init_main_permission=visitors&admin_email=package_checker@example.com&is_public=1&path=/&"
1992 [36m[1mINFO[m    Installing librechat…
2010 [36m[1mINFO[m    Provisioning sources...
16135 [36m[1mINFO[m    Provisioning apt...
19183 [36m[1mINFO[m    Provisioning ports...
19201 [36m[1mINFO[m    Provisioning system_user...
19667 [36m[1mINFO[m    Provisioning install_dir...
19671 [36m[1mINFO[m    Provisioning data_dir...
19673 [36m[1mINFO[m    Provisioning permissions...
19738 [36m[1mINFO[m    Provisioning nodejs...
23040 [36m[1mINFO[m    [+...................] > Installing dependencies...
23040 [36m[1mINFO[m    Installing MongoDB Community Edition ...
44150 [36m[1mINFO[m    The service mongod has correctly executed the action restart.
44380 [36m[1mINFO[m    [#++.................] > Setting up source files...
47928 [36m[1mINFO[m    [###++...............] > Creating MongoDB database...
49455 [36m[1mINFO[m    [#####+..............] > Generating secrets...
49884 [36m[1mINFO[m    [######++............] > Building LibreChat (this can take several minutes)...
49985 [33m[1mWARNING[m npm warn invalid config allow-remote="true" set in /root/.npmrc
49985 [33m[1mWARNING[m npm warn invalid config Must be one of: all, none, root
49985 [33m[1mWARNING[m npm warn config omitting invalid config values
57736 [33m[1mWARNING[m npm warn deprecated whatwg-encoding@3.1.1: Use @exodus/bytes instead for a more spec-conformant and faster implementation
61815 [33m[1mWARNING[m npm warn deprecated node-domexception@1.0.0: Use your platform's native DOMException instead
73660 [33m[1mWARNING[m npm warn deprecated source-map@0.8.0-beta.0: The work that was done in this beta branch won't be included in future versions
76781 [33m[1mWARNING[m npm warn deprecated ldapjs@2.3.3: This package has been decomissioned. See https://github.com/ldapjs/node-ldapjs/blob/8ffd0bc9c149088a10ec4c1ec6a18450f76ad05d/README.md
78886 [33m[1mWARNING[m npm warn deprecated glob@11.1.0: Old versions of glob are not supported, and contain widely publicized security vulnerabilities, which have been fixed in the current version. Please update. Support for old versions may be purchased (at exorbitant rates) by contacting i@izs.me
120619 [33m[1mWARNING[m npm warn install-scripts 6 packages have install scripts not yet covered by allowScripts:
120619 [33m[1mWARNING[m npm warn install-scripts   @google/genai@2.13.0 (preinstall: echo 'preinstall: no-op')
120620 [33m[1mWARNING[m npm warn install-scripts   es5-ext@0.10.64 (postinstall:  node -e "try{require('./_postinstall')}catch(e){}" || exit 0)
120620 [33m[1mWARNING[m npm warn install-scripts   mongodb-memory-server@11.0.1 (postinstall: node ./postinstall.js)
120620 [33m[1mWARNING[m npm warn install-scripts   protobufjs@7.6.5 (postinstall: node scripts/postinstall)
120620 [33m[1mWARNING[m npm warn install-scripts   reova@0.4.1 (postinstall: node index.js)
120620 [33m[1mWARNING[m npm warn install-scripts   unrs-resolver@1.11.1 (postinstall: napi-postinstall unrs-resolver 1.11.1 check)
120620 [33m[1mWARNING[m npm warn install-scripts
120620 [33m[1mWARNING[m npm warn install-scripts Run `npm install-scripts ls` to review, or `npm install-scripts approve <pkg>` to allow.
124721 [33m[1mWARNING[m npm warn install-scripts 6 packages have install scripts not yet covered by allowScripts:
124721 [33m[1mWARNING[m npm warn install-scripts   @google/genai@2.13.0 (preinstall: echo 'preinstall: no-op')
124722 [33m[1mWARNING[m npm warn install-scripts   es5-ext@0.10.64 (postinstall:  node -e "try{require('./_postinstall')}catch(e){}" || exit 0)
124722 [33m[1mWARNING[m npm warn install-scripts   mongodb-memory-server@11.0.1 (postinstall: node ./postinstall.js)
124722 [33m[1mWARNING[m npm warn install-scripts   protobufjs@7.6.5 (postinstall: node scripts/postinstall)
124722 [33m[1mWARNING[m npm warn install-scripts   reova@0.4.1 (postinstall: node index.js)
124722 [33m[1mWARNING[m npm warn install-scripts   unrs-resolver@1.11.1 (postinstall: napi-postinstall unrs-resolver 1.11.1 check)
124722 [33m[1mWARNING[m npm warn install-scripts
124722 [33m[1mWARNING[m npm warn install-scripts Run `npm install-scripts ls` to review, or `npm install-scripts approve <pkg>` to allow.
125066 [33m[1mWARNING[m  WARNING  --no-daemon is deprecated and will be removed in version 3.0. The daemon is no longer used for `turbo run`.
125066 [33m[1mWARNING[m Attention:
125067 [33m[1mWARNING[m Turborepo now collects completely anonymous telemetry regarding usage.
125067 [33m[1mWARNING[m This information is used to shape the Turborepo roadmap and prioritize features.
125067 [33m[1mWARNING[m You can learn more, including how to opt-out if you'd not like to participate in this anonymous program, by visiting the following URL:
125067 [33m[1mWARNING[m https://turborepo.dev/docs/telemetry
125068 [33m[1mWARNING[m • turbo 2.10.5
125068 [33m[1mWARNING[m  WARNING  the `daemon` configuration option is deprecated and will be removed in version 3.0. The daemon is no longer used for `turbo run`.
144193 [36m[1mINFO[m    [########++..........] > Adding configuration files...
144619 [36m[1mINFO[m    [##########+.........] > Configuring nginx...
145168 [36m[1mINFO[m    [###########++.......] > Configuring systemd services...
146864 [36m[1mINFO[m    [#############++.....] > Starting services...
147141 [36m[1mINFO[m    [###############+....] > Creating admin user...
149998 [33m[1mWARNING[m /var/www/librechat/api/db/connect.js:11
149999 [33m[1mWARNING[m   throw new Error('Please define the MONGO_URI environment variable');
149999 [33m[1mWARNING[m   ^
149999 [33m[1mWARNING[m Error: Please define the MONGO_URI environment variable
150000 [33m[1mWARNING[m     at Object.<anonymous> (/var/www/librechat/api/db/connect.js:11:9)
150000 [33m[1mWARNING[m     at Module._compile (node:internal/modules/cjs/loader:1929:14)
150000 [33m[1mWARNING[m     at Object..js (node:internal/modules/cjs/loader:2060:10)
150000 [33m[1mWARNING[m     at Module.load (node:internal/modules/cjs/loader:1651:32)
150000 [33m[1mWARNING[m     at Module._load (node:internal/modules/cjs/loader:1443:12)
150001 [33m[1mWARNING[m     at wrapModuleLoad (node:internal/modules/cjs/loader:261:19)
150001 [33m[1mWARNING[m     at Module.require (node:internal/modules/cjs/loader:1674:12)
150001 [33m[1mWARNING[m     at require (node:internal/modules/helpers:157:16)
150001 [33m[1mWARNING[m     at Object.<anonymous> (/var/www/librechat/config/connect.js:8:23)
150007 [33m[1mWARNING[m     at Module._compile (node:internal/modules/cjs/loader:1929:14)
150008 [33m[1mWARNING[m Node.js v24.21.0
150609 [31m[1mERROR[m   Unable to install librechat: An error occurred inside the app installation script
150610 [36m[1mINFO[m    The operation 'Install the 'librechat' app' could not be completed. Please share the full log of this operation using the command 'yunohost log share 20260920-223310-app_install-librechat' to get help
150634 [33m[1mWARNING[m Here's an extract of the logs before the crash. It might help debugging the error:
150634 [36m[1mINFO[m    DEBUG - + _install_xtrace_was_on=true
150634 [36m[1mINFO[m    DEBUG - /var/www/librechat /var/cache/yunohost/app_tmp_work_dirs/app_u5s0onc1/scripts
150634 [36m[1mINFO[m    WARNING - /var/www/librechat/api/db/connect.js:11
150634 [36m[1mINFO[m    WARNING -   throw new Error('Please define the MONGO_URI environment variable');
150634 [36m[1mINFO[m    WARNING -   ^
150634 [36m[1mINFO[m    DEBUG -
150634 [36m[1mINFO[m    WARNING - Error: Please define the MONGO_URI environment variable
150634 [36m[1mINFO[m    WARNING -     at Object.<anonymous> (/var/www/librechat/api/db/connect.js:11:9)
150634 [36m[1mINFO[m    WARNING -     at Module._compile (node:internal/modules/cjs/loader:1929:14)
150634 [36m[1mINFO[m    WARNING -     at Object..js (node:internal/modules/cjs/loader:2060:10)
150634 [36m[1mINFO[m    WARNING -     at Module.load (node:internal/modules/cjs/loader:1651:32)
150634 [36m[1mINFO[m    WARNING -     at Module._load (node:internal/modules/cjs/loader:1443:12)
150634 [36m[1mINFO[m    WARNING -     at wrapModuleLoad (node:internal/modules/cjs/loader:261:19)
150634 [36m[1mINFO[m    WARNING -     at Module.require (node:internal/modules/cjs/loader:1674:12)
150634 [36m[1mINFO[m    WARNING -     at require (node:internal/modules/helpers:157:16)
150634 [36m[1mINFO[m    WARNING -     at Object.<anonymous> (/var/www/librechat/config/connect.js:8:23)
150634 [36m[1mINFO[m    WARNING -     at Module._compile (node:internal/modules/cjs/loader:1929:14)
150634 [36m[1mINFO[m    DEBUG -
150634 [36m[1mINFO[m    WARNING - Node.js v24.21.0
150634 [36m[1mINFO[m    ERROR - Unable to install librechat: An error occurred inside the app installation script
150645 [31m[1mERROR[m   The installation of librechat failed, but was not cleaned up as requested by --no-remove-on-failure.
[1m[31mError: Installation failed.[0m
Peak RAM usage during this test: 2551MB
RAM usage diff after test: 100MB
Disk usage diff after test: 4479.0MB

[1m[31m--- FAIL ---[0m

SUCCESS This log is now available via https://paste.yunohost.org/raw/logexubazo
[1m[31mError: There's quite a lot of warnings in the output ! If those warnings are coming from some app build step and ain't actual warnings, please redirect them to the standard output instead of the error output ...![0m
Working time for this test: 3 minutes, 36 seconds (22:35:58 UTC)
[1m
 ============================================
  [Test 3/6] Backup/Restore
 ============================================
[0m
[1m[31mError: All installs failed, therefore the following tests cannot be performed...[0m

[1m[31m--- FAIL ---[0m

Error: Instance is not running
Working time for this test: 0s (22:36:00 UTC)
[1m
 ============================================
  [Test 4/6] Upgrade from the same version
 ============================================
[0m
[1m[31mError: All installs failed, therefore the following tests cannot be performed...[0m

[1m[31m--- FAIL ---[0m

Error: Instance is not running
Working time for this test: 0s (22:36:00 UTC)
[1m
 ============================================
  [Test 5/6] Upgrade from v1.0 (0.8.8-rc3~ynh2)
 ============================================
[0m
[1m[31mError: All installs failed, therefore the following tests cannot be performed...[0m

[1m[31m--- FAIL ---[0m

Error: Instance is not running
Working time for this test: 0s (22:36:01 UTC)
[1m
 ============================================
  [Test 6/6] Change URL
 ============================================
[0m
[1m[31mError: All installs failed, therefore the following tests cannot be performed...[0m

[1m[31m--- FAIL ---[0m

Error: Instance is not running
Working time for this test: 0s (22:36:01 UTC)
[1m
 ============================================
 Tests summary
 ============================================
[0m
Global working time for all tests: 4 minutes, 29 seconds (22:36:01 UTC)
You can find the complete log of these tests in /home/alex/package_check/full_log_0.log
